Attribute Qt::AA_PluginApplication must be set before QCoreApplication is created.
Redirect stdout (file: /var/tmp/accc56561TJ5Z4Z).
AcCoreConsole: StdOutConsoleMode: processed-output: enabled,auto
AutoCAD Core Engine Console - Copyright 2024 Autodesk, Inc.  All rights reserved. (V.58.M.214)

Execution Path:
/Applications/Autodesk/AutoCAD 2025/AutoCAD 2025.app/Contents/Helpers/AcCoreConsole.app
Current Directory: /Users/air_buddy/Hermes/00-Umum/Riset/2026-10-02-kantor-rpg-max/kantor-rpg

Version Number: V.58.M.214 (UNICODE)
LogFilePath has been set to the working folder.
.
Substituting [simplex.shx] for [OpenSans-LightItalic.ttf].
Substituting [simplex.shx] for [OpenSans-Regular.ttf].
Substituting [simplex.shx] for [OpenSans-Italic.ttf].
Substituting [simplex.shx] for [OpenSans-SemiBold.ttf].
Substituting [simplex.shx] for [OpenSans-SemiBoldItalic.ttf].
Substituting [simplex.shx] for [OpenSans-Bold.ttf].
Substituting [simplex.shx] for [OpenSans-BoldItalic.ttf].
Substituting [simplex.shx] for [OpenSans-ExtraBold.ttf].
Substituting [simplex.shx] for [OpenSans-ExtraBoldItalic.ttf].
Substituting [simplex.shx] for [OpenSansCondensed-Bold.ttf].
Substituting [simplex.shx] for [OpenSansCondensed-Light.ttf].
Substituting [simplex.shx] for [OpenSansCondensed-LightItalic.ttf].
Substituting [simplex.shx] for [LiberationSans-Regular.ttf].
Substituting [simplex.shx] for [LiberationSans-Bold.ttf].
Substituting [simplex.shx] for [LiberationSans-BoldItalic.ttf].
Substituting [simplex.shx] for [LiberationSans-Italic.ttf].
Substituting [simplex.shx] for [LiberationSerif-Regular.ttf].
Substituting [simplex.shx] for [LiberationSerif-Bold.ttf].
Substituting [simplex.shx] for [LiberationSerif-BoldItalic.ttf].
Substituting [simplex.shx] for [LiberationSerif-Italic.ttf].
Substituting [simplex.shx] for [LiberationMono-Regular.ttf].
Substituting [simplex.shx] for [LiberationMono-Bold.ttf].
Substituting [simplex.shx] for [LiberationMono-BoldItalic.ttf].
Substituting [simplex.shx] for [LiberationMono-Italic.ttf].
Substituting [simplex.shx] for [DejaVuSans.ttf].
Regenerating model.
; error: File load canceled: /Applications/Autodesk/AutoCAD 2025/AutoCAD 2025.app/Contents/Resources/Support/@en@/acad2025.LSP
Command: 
Command: 
Command: 
Command: (load "/Users/air_buddy/Hermes/00-Umum/Riset/2026-10-02-kantor-rpg-max/kantor-rpg/.cache/autocad/counts.lsp")
; error: File load canceled: /Users/air_buddy/Hermes/00-Umum/Riset/2026-10-02-kantor-rpg-max/kantor-rpg/.cache/autocad/counts.lsp
Command: _.AUDIT
Fix any errors detected? [Yes/No] <N>: _Y
                                       
                                       
                              
Pass 1 100     objects audited
                              
Pass 2 100     objects audited
                                      
 10      Blocks audited
                                  
Total errors found 0 fixed 0
Erased 0 objects
Command: KRCOUNT
Unknown command "KRCOUNT".  Press F1 for help.
Command: 
Command: *Cancel*
Command: *Cancel*
Command: _.quitLogFilePath has been restored to ''.
