OK   A-ANNO-RMNM    HATCH        generator     2  autocad     2
OK   A-ANNO-RMNM    LWPOLYLINE   generator     2  autocad     2
OK   A-ANNO-RMNM    TEXT         generator    20  autocad    20
OK   A-AREA         LWPOLYLINE   generator    20  autocad    20
OK   A-DOOR         ARC          generator    23  autocad    23
OK   A-DOOR         HATCH        generator     2  autocad     2
OK   A-DOOR         LWPOLYLINE   generator    35  autocad    35
OK   A-FURN         LWPOLYLINE   generator   106  autocad   106
OK   A-FURN-IDEN    LWPOLYLINE   generator    21  autocad    21
OK   A-FURN-IDEN    TEXT         generator   108  autocad   108
OK   A-GLAZ         LWPOLYLINE   generator   178  autocad   178
OK   A-GLAZ-IDEN    HATCH        generator    20  autocad    20
OK   A-GLAZ-IDEN    LWPOLYLINE   generator    20  autocad    20
OK   A-GLAZ-IDEN    TEXT         generator    20  autocad    20
OK   A-GRID         LWPOLYLINE   generator    11  autocad    11
OK   A-GRID-IDEN    CIRCLE       generator    22  autocad    22
OK   A-GRID-IDEN    HATCH        generator    22  autocad    22
OK   A-GRID-IDEN    TEXT         generator    22  autocad    22
OK   A-STRS         LWPOLYLINE   generator    31  autocad    31
OK   A-STRS         TEXT         generator     2  autocad     2
OK   A-WALL         HATCH        generator    70  autocad    70
OK   A-WALL         LWPOLYLINE   generator    70  autocad    70
openings generator: jendela 20 {'L1': 20}, daun pintu 23, busur 23
  jendela (A-GLAZ-IDEN TEXT): generator 20, autocad 20
  busur pintu (A-DOOR ARC): generator 23, autocad 23
total model space generator 827 autocad 827
HASIL: cocok
