OK   A-ANNO-RMNM    HATCH        generator     2  autocad     2
OK   A-ANNO-RMNM    LWPOLYLINE   generator     2  autocad     2
OK   A-ANNO-RMNM    TEXT         generator    20  autocad    20
OK   A-AREA         LWPOLYLINE   generator    20  autocad    20
OK   A-DOOR         ARC          generator    23  autocad    23
OK   A-DOOR         HATCH        generator     2  autocad     2
OK   A-DOOR         LWPOLYLINE   generator    35  autocad    35
OK   A-FURN         LWPOLYLINE   generator   106  autocad   106
OK   A-GLAZ         LWPOLYLINE   generator   178  autocad   178
OK   A-GRID         LWPOLYLINE   generator    11  autocad    11
OK   A-GRID-IDEN    CIRCLE       generator    22  autocad    22
OK   A-GRID-IDEN    HATCH        generator    22  autocad    22
OK   A-GRID-IDEN    TEXT         generator    22  autocad    22
OK   A-STRS         LWPOLYLINE   generator    31  autocad    31
OK   A-STRS         TEXT         generator     2  autocad     2
OK   A-WALL         HATCH        generator    70  autocad    70
OK   A-WALL         LWPOLYLINE   generator    70  autocad    70
OK   ICT-AP         CIRCLE       generator     5  autocad     5
OK   ICT-AP         HATCH        generator     5  autocad     5
OK   ICT-AP         TEXT         generator     5  autocad     5
OK   ICT-CAM        HATCH        generator     6  autocad     6
OK   ICT-CAM        LWPOLYLINE   generator     6  autocad     6
OK   ICT-DEV-IDEN   LWPOLYLINE   generator     1  autocad     1
OK   ICT-DEV-IDEN   TEXT         generator     3  autocad     3
OK   ICT-OUTL       HATCH        generator    30  autocad    30
OK   ICT-OUTL       LWPOLYLINE   generator    30  autocad    30
OK   ICT-OUTL-IDEN  LWPOLYLINE   generator     8  autocad     8
OK   ICT-OUTL-IDEN  TEXT         generator    30  autocad    30
OK   ICT-RACK       HATCH        generator     2  autocad     2
OK   ICT-RACK       LWPOLYLINE   generator     3  autocad     3
OK   ICT-RACK       TEXT         generator     2  autocad     2
OK   ICT-RISR       HATCH        generator     1  autocad     1
OK   ICT-RISR       LWPOLYLINE   generator     1  autocad     1
OK   ICT-RISR       TEXT         generator     1  autocad     1
OK   ICT-TRAY       LWPOLYLINE   generator    10  autocad    10
OK   ICT-TRAY       TEXT         generator     3  autocad     3
openings generator: jendela 20 {'L1': 20}, daun pintu 23, busur 23
  busur pintu (A-DOOR ARC): generator 23, autocad 23
total model space generator 790 autocad 790
HASIL: cocok
