(node:93847) [DEP0205] DeprecationWarning: `module.register()` is deprecated. Use `module.registerHooks()` instead.
(Use `node --trace-deprecation ...` to show where the warning was created)

Running 165 tests using 2 workers

(node:93859) [DEP0205] DeprecationWarning: `module.register()` is deprecated. Use `module.registerHooks()` instead.
(Use `node --trace-deprecation ...` to show where the warning was created)
(node:93860) [DEP0205] DeprecationWarning: `module.register()` is deprecated. Use `module.registerHooks()` instead.
(Use `node --trace-deprecation ...` to show where the warning was created)
  ✓    2 [desktop] › tests/e2e/a11y.spec.ts:24:5 › axe light world (3.7s)
  ✓    1 [desktop] › tests/e2e/activity.spec.ts:4:3 › player activities (M2) › billiards: sit/stand slot, shots counted, reservation blocks NPCs, movement ends it (5.8s)
  ✓    3 [desktop] › tests/e2e/a11y.spec.ts:24:5 › axe light directory (3.0s)
  ✓    4 [desktop] › tests/e2e/activity.spec.ts:36:3 › player activities (M2) › sitting on a free lounge seat, busy seats are refused, Selesai ends it (3.1s)
  ✓    5 [desktop] › tests/e2e/a11y.spec.ts:24:5 › axe light help-dialog (2.5s)
  ✓    7 [desktop] › tests/e2e/a11y.spec.ts:24:5 › axe light settings-dialog (2.4s)
  ✓    8 [desktop] › tests/e2e/a11y.spec.ts:24:5 › axe dark world (2.3s)
  ✓    9 [desktop] › tests/e2e/a11y.spec.ts:24:5 › axe dark directory (3.1s)
  ✓   10 [desktop] › tests/e2e/a11y.spec.ts:24:5 › axe dark help-dialog (2.9s)
  ✓   11 [desktop] › tests/e2e/a11y.spec.ts:24:5 › axe dark settings-dialog (2.8s)
  ✓   12 [desktop] › tests/e2e/a11y.spec.ts:51:1 › axe fallback (no WebGL) (553ms)
  ✓   13 [desktop] › tests/e2e/bundle.spec.ts:17:1 › first download and JS chunks stay inside the R2 targets; Studio code loads on demand (6.2s)
  ✓   14 [desktop] › tests/e2e/controls.spec.ts:21:3 › controls without earlier coverage (R2 control audit) › skip link jumps to the directory; the close button hides it and returns focus (4.0s)
  ✓    6 [desktop] › tests/e2e/budget.spec.ts:11:1 › peak draw calls and triangles stay inside the mobile budget on the fixed route (26.1s)
  ✓   16 [desktop] › tests/e2e/device.spec.ts:6:3 › device validation hooks (R2) › ?perf=route&report=1 shows the result with device info, copy and download (7.7s)
  ✓   15 [desktop] › tests/e2e/controls.spec.ts:36:3 › controls without earlier coverage (R2 control audit) › theme radios switch and persist; quality radio is stored and applied after reload (12.3s)
  ✓   18 [desktop] › tests/e2e/controls.spec.ts:76:3 › controls without earlier coverage (R2 control audit) › keyboard: H opens help, R/Q/Z/+/- move the camera, Shift runs (3.2s)
  -   19 [desktop] › tests/e2e/controls.spec.ts:111:3 › controls without earlier coverage (R2 control audit) › touch: Lari toggles running
  ✓   17 [desktop] › tests/e2e/device.spec.ts:27:3 › device validation hooks (R2) › ?a11ylog=1 lists live-region announcements in order (8.2s)
  ✓   20 [desktop] › tests/e2e/controls.spec.ts:122:3 › controls without earlier coverage (R2 control audit) › Studio: floor switch, nudge north/east, rotate (button and R), arrows, Delete, Ctrl+Z/Ctrl+Y, Simpan draft (8.2s)
  ✓   22 [desktop] › tests/e2e/failures.spec.ts:6:3 › failure paths (PRD 12) › AC-ACCESS/AC-PERF: losing the WebGL context mid-session falls back to the keyboard directory (2.5s)
  ✓   21 [desktop] › tests/e2e/doors.spec.ts:5:3 › door leaves (R2) › every swing door has its leaves, they open for the CEO and close after (12.0s)
  ✓   23 [desktop] › tests/e2e/failures.spec.ts:30:3 › failure paths (PRD 12) › AC-INTERACT: pressing the action with nothing in reach says so instead of doing nothing (10.0s)
  ✓   25 [desktop] › tests/e2e/failures.spec.ts:46:3 › failure paths (PRD 12) › AC-CHAR: a missing character GLB gives an honest labelled placeholder, not a crash (1.1s)
  ✓   26 [desktop] › tests/e2e/npc.spec.ts:5:3 › persona NPCs (M2) › six simulated personas spawn, move over time and never claim a work status (10.0s)
  ✓   24 [desktop] › tests/e2e/doors.spec.ts:20:3 › door leaves (R2) › in visitor mode the server door stays shut even with the CEO next to it (19.3s)
  -   28 [desktop] › tests/e2e/perf.spec.ts:8:1 › fixed route benchmark records frame times
  ✓   29 [desktop] › tests/e2e/states.spec.ts:6:3 › document list states › error state when the manifest fails (2.0s)
  ✓   27 [desktop] › tests/e2e/npc.spec.ts:21:3 › persona NPCs (M2) › directory "Temui" opens the persona dialog, pauses the NPC and restores focus on Escape (4.5s)
  ✓   30 [desktop] › tests/e2e/states.spec.ts:17:3 › document list states › empty state when no documents were generated (2.3s)
  ✓   32 [desktop] › tests/e2e/states.spec.ts:31:3 › document list states › loading state is announced before the list arrives (1.9s)
  ✓   33 [desktop] › tests/e2e/states.spec.ts:48:3 › document list states › blueprint card reports a missing PDF honestly (2.0s)
  ✓   31 [desktop] › tests/e2e/npc.spec.ts:64:3 › persona NPCs (M2) › walking up to a seated NPC and pressing E (or tapping Aksi) greets it (7.8s)
  ✓   34 [desktop] › tests/e2e/studio.spec.ts:23:3 › Office Studio (REQ-STUDIO-01) › move, reject overlap, undo/redo, exit without publish reverts (6.4s)
  ✓   36 [desktop] › tests/e2e/studio.spec.ts:57:3 › Office Studio (REQ-STUDIO-01) › structural fixtures are locked with a reason (3.6s)
  ✓   35 [desktop] › tests/e2e/npc.spec.ts:82:3 › persona NPCs (M2) › blueprint table and virtual activities give real feedback (8.6s)
  ✓   38 [desktop] › tests/e2e/world.spec.ts:4:3 › world vertical slice › boots in lobby with simulation badge and no page errors (3.5s)
  ✓   37 [desktop] › tests/e2e/studio.spec.ts:68:3 › Office Studio (REQ-STUDIO-01) › publish persists across reload, rollback returns to the dataset (7.0s)
  ✓   39 [desktop] › tests/e2e/world.spec.ts:15:3 › world vertical slice › keyboard walking moves the CEO and the reception desk collider stops it (4.1s)
  ✓   40 [desktop] › tests/e2e/studio.spec.ts:93:3 › Office Studio (REQ-STUDIO-01) › export round-trips; a broken or invalid import is rejected and changes nothing (4.0s)
  ✓   42 [desktop] › tests/e2e/studio.spec.ts:124:3 › Office Studio (REQ-STUDIO-01) › ICT outlet follows its desk through move, undo, export, publish and rollback (6.0s)
  ✓   43 [desktop] › tests/e2e/studio.spec.ts:172:3 › Office Studio (REQ-STUDIO-01) › adding a fixture places it on a valid free spot (4.2s)
  ✓   41 [desktop] › tests/e2e/world.spec.ts:48:3 › world vertical slice › stair interaction changes floor only at the marked point (18.0s)
  ✓   44 [desktop] › tests/e2e/studio.spec.ts:192:3 › Avatar Studio (REQ-AVATAR-01) › preview, save persists across reload, reset returns to default (10.4s)
  ✓   46 [desktop] › tests/e2e/studio.spec.ts:230:3 › Avatar Studio (REQ-AVATAR-01) › a stored choice without an asset falls back to the default (3.0s)
  ✓   47 [desktop] › tests/e2e/studio.spec.ts:244:3 › Avatar Studio (REQ-AVATAR-01) › studios are hidden (not dead) without WebGL (282ms)
(node:98647) [DEP0205] DeprecationWarning: `module.register()` is deprecated. Use `module.registerHooks()` instead.
(Use `node --trace-deprecation ...` to show where the warning was created)
  ✓   45 [desktop] › tests/e2e/world.spec.ts:75:3 › world vertical slice › visitor mode locks the server room (UI toggle, path and directory) (11.5s)
  ✓   48 [tablet] › tests/e2e/a11y.spec.ts:24:5 › axe light world (4.4s)
  ✓   49 [desktop] › tests/e2e/world.spec.ts:94:3 › world vertical slice › dialogs trap focus, block locomotion and return focus on Escape (2.8s)
  ✓   50 [tablet] › tests/e2e/a11y.spec.ts:24:5 › axe light directory (3.3s)
  ✓   52 [tablet] › tests/e2e/a11y.spec.ts:24:5 › axe light help-dialog (2.3s)
  ✓   51 [desktop] › tests/e2e/world.spec.ts:116:3 › world vertical slice › directory "Pergi" moves the CEO to a room and opens persona cards (3.8s)
  ✓   53 [tablet] › tests/e2e/a11y.spec.ts:24:5 › axe light settings-dialog (2.3s)
  ✓   54 [desktop] › tests/e2e/world.spec.ts:136:3 › world vertical slice › tap targets are at least 44 px and layout differs per device class (2.5s)
  -   56 [desktop] › tests/e2e/world.spec.ts:152:3 › world vertical slice › touch joystick walks the CEO
  ✓   55 [tablet] › tests/e2e/a11y.spec.ts:24:5 › axe dark world (2.2s)
  ✓   57 [desktop] › tests/e2e/world.spec.ts:176:3 › world vertical slice › dark theme renders with computed token colours (2.6s)
  ✓   58 [tablet] › tests/e2e/a11y.spec.ts:24:5 › axe dark directory (2.9s)
  ✓   60 [tablet] › tests/e2e/a11y.spec.ts:24:5 › axe dark help-dialog (2.8s)
  ✓   59 [desktop] › tests/e2e/world.spec.ts:188:3 › world vertical slice › reduced motion makes floor changes instant (no fade) (6.2s)
  ✓   61 [tablet] › tests/e2e/a11y.spec.ts:24:5 › axe dark settings-dialog (2.5s)
  ✓   63 [tablet] › tests/e2e/a11y.spec.ts:51:1 › axe fallback (no WebGL) (481ms)
  ✓   62 [desktop] › tests/e2e/world.spec.ts:201:3 › world vertical slice › only same-origin requests are made (no external endpoints) (3.5s)
  ✓   65 [desktop] › tests/e2e/world.spec.ts:224:3 › fallback without WebGL › directory, room cards and documents work with keyboard only (196ms)
(node:405) [DEP0205] DeprecationWarning: `module.register()` is deprecated. Use `module.registerHooks()` instead.
(Use `node --trace-deprecation ...` to show where the warning was created)
  ✓   64 [tablet] › tests/e2e/activity.spec.ts:4:3 › player activities (M2) › billiards: sit/stand slot, shots counted, reservation blocks NPCs, movement ends it (3.6s)
  ✓   67 [tablet] › tests/e2e/activity.spec.ts:36:3 › player activities (M2) › sitting on a free lounge seat, busy seats are refused, Selesai ends it (3.2s)
  ✓   68 [tablet] › tests/e2e/bundle.spec.ts:17:1 › first download and JS chunks stay inside the R2 targets; Studio code loads on demand (5.5s)
  ✓   69 [tablet] › tests/e2e/controls.spec.ts:21:3 › controls without earlier coverage (R2 control audit) › skip link jumps to the directory; the close button hides it and returns focus (4.8s)
  ✓   66 [tablet] › tests/e2e/budget.spec.ts:11:1 › peak draw calls and triangles stay inside the mobile budget on the fixed route (26.0s)
  ✓   70 [tablet] › tests/e2e/controls.spec.ts:36:3 › controls without earlier coverage (R2 control audit) › theme radios switch and persist; quality radio is stored and applied after reload (13.4s)
  ✓   72 [tablet] › tests/e2e/controls.spec.ts:76:3 › controls without earlier coverage (R2 control audit) › keyboard: H opens help, R/Q/Z/+/- move the camera, Shift runs (3.8s)
  ✓   71 [tablet] › tests/e2e/device.spec.ts:6:3 › device validation hooks (R2) › ?perf=route&report=1 shows the result with device info, copy and download (8.0s)
  ✓   73 [tablet] › tests/e2e/controls.spec.ts:111:3 › controls without earlier coverage (R2 control audit) › touch: Lari toggles running (3.8s)
  ✓   74 [tablet] › tests/e2e/device.spec.ts:27:3 › device validation hooks (R2) › ?a11ylog=1 lists live-region announcements in order (9.3s)
  ✓   75 [tablet] › tests/e2e/controls.spec.ts:122:3 › controls without earlier coverage (R2 control audit) › Studio: floor switch, nudge north/east, rotate (button and R), arrows, Delete, Ctrl+Z/Ctrl+Y, Simpan draft (11.6s)
  ✓   77 [tablet] › tests/e2e/failures.spec.ts:6:3 › failure paths (PRD 12) › AC-ACCESS/AC-PERF: losing the WebGL context mid-session falls back to the keyboard directory (2.4s)
  ✓   76 [tablet] › tests/e2e/doors.spec.ts:5:3 › door leaves (R2) › every swing door has its leaves, they open for the CEO and close after (12.5s)
  ✓   78 [tablet] › tests/e2e/failures.spec.ts:30:3 › failure paths (PRD 12) › AC-INTERACT: pressing the action with nothing in reach says so instead of doing nothing (9.2s)
  ✓   80 [tablet] › tests/e2e/failures.spec.ts:46:3 › failure paths (PRD 12) › AC-CHAR: a missing character GLB gives an honest labelled placeholder, not a crash (1.7s)
  ✓   81 [tablet] › tests/e2e/npc.spec.ts:5:3 › persona NPCs (M2) › six simulated personas spawn, move over time and never claim a work status (10.1s)
  ✓   82 [tablet] › tests/e2e/npc.spec.ts:21:3 › persona NPCs (M2) › directory "Temui" opens the persona dialog, pauses the NPC and restores focus on Escape (4.5s)
  ✓   79 [tablet] › tests/e2e/doors.spec.ts:20:3 › door leaves (R2) › in visitor mode the server door stays shut even with the CEO next to it (19.6s)
  -   84 [tablet] › tests/e2e/perf.spec.ts:8:1 › fixed route benchmark records frame times
  ✓   85 [tablet] › tests/e2e/states.spec.ts:6:3 › document list states › error state when the manifest fails (1.9s)
  ✓   86 [tablet] › tests/e2e/states.spec.ts:17:3 › document list states › empty state when no documents were generated (2.3s)
  ✓   87 [tablet] › tests/e2e/states.spec.ts:31:3 › document list states › loading state is announced before the list arrives (2.9s)
  ✓   83 [tablet] › tests/e2e/npc.spec.ts:64:3 › persona NPCs (M2) › walking up to a seated NPC and pressing E (or tapping Aksi) greets it (8.1s)
  ✓   88 [tablet] › tests/e2e/states.spec.ts:48:3 › document list states › blueprint card reports a missing PDF honestly (1.4s)
  ✓   90 [tablet] › tests/e2e/studio.spec.ts:23:3 › Office Studio (REQ-STUDIO-01) › move, reject overlap, undo/redo, exit without publish reverts (5.7s)
  ✓   89 [tablet] › tests/e2e/npc.spec.ts:82:3 › persona NPCs (M2) › blueprint table and virtual activities give real feedback (7.9s)
  ✓   91 [tablet] › tests/e2e/studio.spec.ts:57:3 › Office Studio (REQ-STUDIO-01) › structural fixtures are locked with a reason (3.5s)
  ✓   92 [tablet] › tests/e2e/world.spec.ts:4:3 › world vertical slice › boots in lobby with simulation badge and no page errors (2.7s)
  ✓   94 [tablet] › tests/e2e/world.spec.ts:15:3 › world vertical slice › keyboard walking moves the CEO and the reception desk collider stops it (4.2s)
  ✓   93 [tablet] › tests/e2e/studio.spec.ts:68:3 › Office Studio (REQ-STUDIO-01) › publish persists across reload, rollback returns to the dataset (7.2s)
  ✓   96 [tablet] › tests/e2e/studio.spec.ts:93:3 › Office Studio (REQ-STUDIO-01) › export round-trips; a broken or invalid import is rejected and changes nothing (4.1s)
  ✓   97 [tablet] › tests/e2e/studio.spec.ts:124:3 › Office Studio (REQ-STUDIO-01) › ICT outlet follows its desk through move, undo, export, publish and rollback (5.7s)
  ✓   98 [tablet] › tests/e2e/studio.spec.ts:172:3 › Office Studio (REQ-STUDIO-01) › adding a fixture places it on a valid free spot (4.4s)
  ✓   95 [tablet] › tests/e2e/world.spec.ts:48:3 › world vertical slice › stair interaction changes floor only at the marked point (17.7s)
  ✓   99 [tablet] › tests/e2e/studio.spec.ts:192:3 › Avatar Studio (REQ-AVATAR-01) › preview, save persists across reload, reset returns to default (9.4s)
  ✓  100 [tablet] › tests/e2e/world.spec.ts:75:3 › world vertical slice › visitor mode locks the server room (UI toggle, path and directory) (10.8s)
  ✓  101 [tablet] › tests/e2e/studio.spec.ts:230:3 › Avatar Studio (REQ-AVATAR-01) › a stored choice without an asset falls back to the default (2.8s)
  ✓  103 [tablet] › tests/e2e/studio.spec.ts:244:3 › Avatar Studio (REQ-AVATAR-01) › studios are hidden (not dead) without WebGL (234ms)
(node:5798) [DEP0205] DeprecationWarning: `module.register()` is deprecated. Use `module.registerHooks()` instead.
(Use `node --trace-deprecation ...` to show where the warning was created)
  ✓  102 [tablet] › tests/e2e/world.spec.ts:94:3 › world vertical slice › dialogs trap focus, block locomotion and return focus on Escape (2.2s)
  ✓  104 [mobile] › tests/e2e/a11y.spec.ts:24:5 › axe light world (2.8s)
  ✓  106 [mobile] › tests/e2e/a11y.spec.ts:24:5 › axe light directory (2.9s)
  ✓  105 [tablet] › tests/e2e/world.spec.ts:116:3 › world vertical slice › directory "Pergi" moves the CEO to a room and opens persona cards (5.6s)
  ✓  107 [mobile] › tests/e2e/a11y.spec.ts:24:5 › axe light help-dialog (2.5s)
  ✓  108 [tablet] › tests/e2e/world.spec.ts:136:3 › world vertical slice › tap targets are at least 44 px and layout differs per device class (1.9s)
  ✓  109 [mobile] › tests/e2e/a11y.spec.ts:24:5 › axe light settings-dialog (2.1s)
  ✓  110 [tablet] › tests/e2e/world.spec.ts:152:3 › world vertical slice › touch joystick walks the CEO (3.2s)
  ✓  111 [mobile] › tests/e2e/a11y.spec.ts:24:5 › axe dark world (1.8s)
  ✓  112 [tablet] › tests/e2e/world.spec.ts:176:3 › world vertical slice › dark theme renders with computed token colours (2.5s)
  ✓  113 [mobile] › tests/e2e/a11y.spec.ts:24:5 › axe dark directory (2.4s)
  ✓  115 [mobile] › tests/e2e/a11y.spec.ts:24:5 › axe dark help-dialog (2.2s)
  ✓  116 [mobile] › tests/e2e/a11y.spec.ts:24:5 › axe dark settings-dialog (2.3s)
  ✓  117 [mobile] › tests/e2e/a11y.spec.ts:51:1 › axe fallback (no WebGL) (489ms)
  ✓  114 [tablet] › tests/e2e/world.spec.ts:188:3 › world vertical slice › reduced motion makes floor changes instant (no fade) (5.8s)
  ✓  118 [mobile] › tests/e2e/activity.spec.ts:4:3 › player activities (M2) › billiards: sit/stand slot, shots counted, reservation blocks NPCs, movement ends it (3.5s)
  ✓  119 [tablet] › tests/e2e/world.spec.ts:201:3 › world vertical slice › only same-origin requests are made (no external endpoints) (3.3s)
  ✓  121 [tablet] › tests/e2e/world.spec.ts:224:3 › fallback without WebGL › directory, room cards and documents work with keyboard only (188ms)
(node:6622) [DEP0205] DeprecationWarning: `module.register()` is deprecated. Use `module.registerHooks()` instead.
(Use `node --trace-deprecation ...` to show where the warning was created)
  ✓  120 [mobile] › tests/e2e/activity.spec.ts:36:3 › player activities (M2) › sitting on a free lounge seat, busy seats are refused, Selesai ends it (2.8s)
  ✓  123 [mobile] › tests/e2e/bundle.spec.ts:17:1 › first download and JS chunks stay inside the R2 targets; Studio code loads on demand (5.6s)
  ✓  124 [mobile] › tests/e2e/controls.spec.ts:21:3 › controls without earlier coverage (R2 control audit) › skip link jumps to the directory; the close button hides it and returns focus (3.0s)
  ✓  125 [mobile] › tests/e2e/controls.spec.ts:36:3 › controls without earlier coverage (R2 control audit) › theme radios switch and persist; quality radio is stored and applied after reload (8.9s)
  ✓  126 [mobile] › tests/e2e/controls.spec.ts:76:3 › controls without earlier coverage (R2 control audit) › keyboard: H opens help, R/Q/Z/+/- move the camera, Shift runs (2.7s)
  ✓  127 [mobile] › tests/e2e/controls.spec.ts:111:3 › controls without earlier coverage (R2 control audit) › touch: Lari toggles running (2.9s)
  ✓  122 [mobile] › tests/e2e/budget.spec.ts:11:1 › peak draw calls and triangles stay inside the mobile budget on the fixed route (25.5s)
  ✓  128 [mobile] › tests/e2e/controls.spec.ts:122:3 › controls without earlier coverage (R2 control audit) › Studio: floor switch, nudge north/east, rotate (button and R), arrows, Delete, Ctrl+Z/Ctrl+Y, Simpan draft (5.5s)
  ✓  129 [mobile] › tests/e2e/device.spec.ts:6:3 › device validation hooks (R2) › ?perf=route&report=1 shows the result with device info, copy and download (7.2s)
  ✓  131 [mobile] › tests/e2e/device.spec.ts:27:3 › device validation hooks (R2) › ?a11ylog=1 lists live-region announcements in order (7.9s)
  ✓  130 [mobile] › tests/e2e/doors.spec.ts:5:3 › door leaves (R2) › every swing door has its leaves, they open for the CEO and close after (11.1s)
  ✓  132 [mobile] › tests/e2e/failures.spec.ts:6:3 › failure paths (PRD 12) › AC-ACCESS/AC-PERF: losing the WebGL context mid-session falls back to the keyboard directory (2.0s)
  ✓  134 [mobile] › tests/e2e/failures.spec.ts:30:3 › failure paths (PRD 12) › AC-INTERACT: pressing the action with nothing in reach says so instead of doing nothing (8.1s)
  ✓  135 [mobile] › tests/e2e/failures.spec.ts:46:3 › failure paths (PRD 12) › AC-CHAR: a missing character GLB gives an honest labelled placeholder, not a crash (1.2s)
  ✓  133 [mobile] › tests/e2e/doors.spec.ts:20:3 › door leaves (R2) › in visitor mode the server door stays shut even with the CEO next to it (17.2s)
  -  137 [mobile] › tests/e2e/perf.spec.ts:8:1 › fixed route benchmark records frame times
  ✓  138 [mobile] › tests/e2e/states.spec.ts:6:3 › document list states › error state when the manifest fails (1.7s)
  ✓  136 [mobile] › tests/e2e/npc.spec.ts:5:3 › persona NPCs (M2) › six simulated personas spawn, move over time and never claim a work status (9.6s)
  ✓  139 [mobile] › tests/e2e/states.spec.ts:17:3 › document list states › empty state when no documents were generated (1.6s)
  ✓  141 [mobile] › tests/e2e/states.spec.ts:31:3 › document list states › loading state is announced before the list arrives (1.6s)
  ✓  142 [mobile] › tests/e2e/states.spec.ts:48:3 › document list states › blueprint card reports a missing PDF honestly (1.1s)
  ✓  140 [mobile] › tests/e2e/npc.spec.ts:21:3 › persona NPCs (M2) › directory "Temui" opens the persona dialog, pauses the NPC and restores focus on Escape (4.0s)
  ✓  143 [mobile] › tests/e2e/studio.spec.ts:23:3 › Office Studio (REQ-STUDIO-01) › move, reject overlap, undo/redo, exit without publish reverts (5.2s)
  ✓  145 [mobile] › tests/e2e/studio.spec.ts:57:3 › Office Studio (REQ-STUDIO-01) › structural fixtures are locked with a reason (2.9s)
  ✓  144 [mobile] › tests/e2e/npc.spec.ts:64:3 › persona NPCs (M2) › walking up to a seated NPC and pressing E (or tapping Aksi) greets it (8.0s)
  ✓  146 [mobile] › tests/e2e/studio.spec.ts:68:3 › Office Studio (REQ-STUDIO-01) › publish persists across reload, rollback returns to the dataset (5.7s)
  ✓  147 [mobile] › tests/e2e/npc.spec.ts:82:3 › persona NPCs (M2) › blueprint table and virtual activities give real feedback (7.5s)
  ✓  148 [mobile] › tests/e2e/studio.spec.ts:93:3 › Office Studio (REQ-STUDIO-01) › export round-trips; a broken or invalid import is rejected and changes nothing (3.2s)
  ✓  149 [mobile] › tests/e2e/world.spec.ts:4:3 › world vertical slice › boots in lobby with simulation badge and no page errors (3.1s)
  ✓  150 [mobile] › tests/e2e/studio.spec.ts:124:3 › Office Studio (REQ-STUDIO-01) › ICT outlet follows its desk through move, undo, export, publish and rollback (4.2s)
  ✓  151 [mobile] › tests/e2e/world.spec.ts:15:3 › world vertical slice › keyboard walking moves the CEO and the reception desk collider stops it (3.9s)
  ✓  152 [mobile] › tests/e2e/studio.spec.ts:172:3 › Office Studio (REQ-STUDIO-01) › adding a fixture places it on a valid free spot (3.3s)
  ✓  154 [mobile] › tests/e2e/studio.spec.ts:192:3 › Avatar Studio (REQ-AVATAR-01) › preview, save persists across reload, reset returns to default (8.5s)
  ✓  155 [mobile] › tests/e2e/studio.spec.ts:230:3 › Avatar Studio (REQ-AVATAR-01) › a stored choice without an asset falls back to the default (2.1s)
  ✓  156 [mobile] › tests/e2e/studio.spec.ts:244:3 › Avatar Studio (REQ-AVATAR-01) › studios are hidden (not dead) without WebGL (104ms)
  ✓  153 [mobile] › tests/e2e/world.spec.ts:48:3 › world vertical slice › stair interaction changes floor only at the marked point (17.5s)
  ✓  157 [mobile] › tests/e2e/world.spec.ts:75:3 › world vertical slice › visitor mode locks the server room (UI toggle, path and directory) (10.2s)
  ✓  158 [mobile] › tests/e2e/world.spec.ts:94:3 › world vertical slice › dialogs trap focus, block locomotion and return focus on Escape (2.2s)
  ✓  159 [mobile] › tests/e2e/world.spec.ts:116:3 › world vertical slice › directory "Pergi" moves the CEO to a room and opens persona cards (2.6s)
  ✓  160 [mobile] › tests/e2e/world.spec.ts:136:3 › world vertical slice › tap targets are at least 44 px and layout differs per device class (1.7s)
  ✓  161 [mobile] › tests/e2e/world.spec.ts:152:3 › world vertical slice › touch joystick walks the CEO (2.7s)
  ✓  162 [mobile] › tests/e2e/world.spec.ts:176:3 › world vertical slice › dark theme renders with computed token colours (1.8s)
  ✓  163 [mobile] › tests/e2e/world.spec.ts:188:3 › world vertical slice › reduced motion makes floor changes instant (no fade) (5.1s)
  ✓  164 [mobile] › tests/e2e/world.spec.ts:201:3 › world vertical slice › only same-origin requests are made (no external endpoints) (2.8s)
  ✓  165 [mobile] › tests/e2e/world.spec.ts:224:3 › fallback without WebGL › directory, room cards and documents work with keyboard only (198ms)

  5 skipped
  160 passed (7.5m)
