Attribute Qt::AA_PluginApplication must be set before QCoreApplication is created.
Redirect stdout (file: /var/tmp/accc70323PZRT81).
AcCoreConsole: StdOutConsoleMode: processed-output: enabled,auto
AutoCAD Core Engine Console - Copyright 2024 Autodesk, Inc.  All rights reserved. (V.58.M.214)

Execution Path:
/Applications/Autodesk/AutoCAD 2025/AutoCAD 2025.app/Contents/Helpers/AcCoreConsole.app
Current Directory: /Users/air_buddy/Hermes/00-Umum/Riset/2026-10-02-kantor-rpg-max/kantor-rpg

Version Number: V.58.M.214 (UNICODE)
LogFilePath has been set to the working folder.
.
Substituting [simplex.shx] for [OpenSans-LightItalic.ttf].
Substituting [simplex.shx] for [OpenSans-Regular.ttf].
Substituting [simplex.shx] for [OpenSans-Italic.ttf].
Substituting [simplex.shx] for [OpenSans-SemiBold.ttf].
Substituting [simplex.shx] for [OpenSans-SemiBoldItalic.ttf].
Substituting [simplex.shx] for [OpenSans-Bold.ttf].
Substituting [simplex.shx] for [OpenSans-BoldItalic.ttf].
Substituting [simplex.shx] for [OpenSans-ExtraBold.ttf].
Substituting [simplex.shx] for [OpenSans-ExtraBoldItalic.ttf].
Substituting [simplex.shx] for [OpenSansCondensed-Bold.ttf].
Substituting [simplex.shx] for [OpenSansCondensed-Light.ttf].
Substituting [simplex.shx] for [OpenSansCondensed-LightItalic.ttf].
Substituting [simplex.shx] for [LiberationSans-Regular.ttf].
Substituting [simplex.shx] for [LiberationSans-Bold.ttf].
Substituting [simplex.shx] for [LiberationSans-BoldItalic.ttf].
Substituting [simplex.shx] for [LiberationSans-Italic.ttf].
Substituting [simplex.shx] for [LiberationSerif-Regular.ttf].
Substituting [simplex.shx] for [LiberationSerif-Bold.ttf].
Substituting [simplex.shx] for [LiberationSerif-BoldItalic.ttf].
Substituting [simplex.shx] for [LiberationSerif-Italic.ttf].
Substituting [simplex.shx] for [LiberationMono-Regular.ttf].
Substituting [simplex.shx] for [LiberationMono-Bold.ttf].
Substituting [simplex.shx] for [LiberationMono-BoldItalic.ttf].
Substituting [simplex.shx] for [LiberationMono-Italic.ttf].
Substituting [simplex.shx] for [DejaVuSans.ttf].
Regenerating model.
; error: File load canceled: /Applications/Autodesk/AutoCAD 2025/AutoCAD 2025.app/Contents/Resources/Support/@en@/acad2025.LSP
Command: 
Command: 
Command: 
Command: _.FILEDIA
Enter new value for FILEDIA <0>: 0
Command: _.CMDDIA
Enter new value for CMDDIA <0>: 0
Command: _.-PLOT
Detailed plot configuration? [Yes/No] <No>: _Y
Enter a layout name or [?] <Model>: A-101
Regenerating layout.
Enter an output device name or [?] <DWG to PDF.pc3>: AutoCAD PDF (General Documentation).pc3