prune: Removed types... Skin (1), Accessor (205)
prune: Removed types... Accessor (2)
OPT characters/ch-architect.glb: 887228 -> 468836 bytes (52.8%) restChannelsRemoved=518 rotationOutputs=159
prune: Removed types... Skin (1), Accessor (221)
prune: Removed types... Accessor (4)
OPT characters/ch-ceo.glb: 1157336 -> 620612 bytes (53.6%) restChannelsRemoved=518 rotationOutputs=159
prune: Removed types... Skin (1), Accessor (209)
prune: Removed types... Accessor (3)
OPT characters/ch-ictspec.glb: 921020 -> 488336 bytes (53.0%) restChannelsRemoved=518 rotationOutputs=159
prune: Removed types... Skin (1), Accessor (207)
prune: Removed types... Accessor (2)
OPT characters/ch-netinstall.glb: 907540 -> 479504 bytes (52.8%) restChannelsRemoved=518 rotationOutputs=159
prune: Removed types... Skin (1), Accessor (201)
prune: Removed types... Accessor (3)
OPT characters/ch-qa.glb: 943744 -> 501396 bytes (53.1%) restChannelsRemoved=518 rotationOutputs=159
prune: Removed types... Skin (1), Accessor (203)
prune: Removed types... Accessor (2)
OPT characters/ch-supervisor.glb: 939408 -> 498320 bytes (53.0%) restChannelsRemoved=518 rotationOutputs=159
prune: Removed types... Skin (1), Accessor (208)
prune: Removed types... Accessor (3)
OPT characters/ch-visual.glb: 931224 -> 493900 bytes (53.0%) restChannelsRemoved=518 rotationOutputs=159
prune: Removed types... Accessor (22)
OPT furniture/arcade_cabinet.glb: 40996 -> 27308 bytes (66.6%)
prune: Removed types... Accessor (8)
OPT furniture/armchair.glb: 36236 -> 25016 bytes (69.0%)
prune: Removed types... Accessor (4)
OPT furniture/beanbag.glb: 15456 -> 11272 bytes (72.9%)
prune: Removed types... Accessor (4)
OPT furniture/bench.glb: 22940 -> 15128 bytes (65.9%)
prune: Removed types... Accessor (20)
OPT furniture/billiard_table.glb: 93536 -> 59376 bytes (63.5%)
prune: Removed types... Accessor (10)
OPT furniture/board_table.glb: 49536 -> 29784 bytes (60.1%)
prune: Removed types... Accessor (16)
OPT furniture/bookshelf.glb: 95408 -> 57752 bytes (60.5%)
prune: Removed types... Accessor (6)
OPT furniture/chair.glb: 40300 -> 25924 bytes (64.3%)
prune: Removed types... Accessor (6)
OPT furniture/chair_guest.glb: 27504 -> 17972 bytes (65.3%)
prune: Removed types... Accessor (20)
OPT furniture/coffee_bar.glb: 66236 -> 42000 bytes (63.4%)
prune: Removed types... Accessor (10)
OPT furniture/coffee_table.glb: 24388 -> 14888 bytes (61.0%)
prune: Removed types... Accessor (8)
OPT furniture/cue_rack.glb: 28728 -> 18592 bytes (64.7%)
prune: Removed types... Accessor (10)
OPT furniture/desk.glb: 38004 -> 23908 bytes (62.9%)
prune: Removed types... Accessor (12)
OPT furniture/desk_exec.glb: 57644 -> 34964 bytes (60.7%)
prune: Removed types... Accessor (6)
OPT furniture/dining_table.glb: 16596 -> 11504 bytes (69.3%)
prune: Removed types... Accessor (6)
OPT furniture/directory_sign.glb: 29276 -> 18000 bytes (61.5%)
prune: Removed types... Accessor (8)
OPT furniture/drafting_table.glb: 27172 -> 17128 bytes (63.0%)
prune: Removed types... Accessor (14)
OPT furniture/dumbbell_rack.glb: 82756 -> 46224 bytes (55.9%)
prune: Removed types... Accessor (12)
OPT furniture/easel.glb: 21932 -> 15024 bytes (68.5%)
prune: Removed types... Accessor (12)
OPT furniture/exercise_bike.glb: 42916 -> 28068 bytes (65.4%)
prune: Removed types... Accessor (4)
OPT furniture/exercise_mat.glb: 12524 -> 8216 bytes (65.6%)
prune: Removed types... Accessor (12)
OPT furniture/fridge.glb: 24548 -> 15004 bytes (61.1%)
prune: Removed types... Accessor (14)
OPT furniture/gallery_panel.glb: 23272 -> 13444 bytes (57.8%)
prune: Removed types... Accessor (6)
OPT furniture/high_table.glb: 19100 -> 13060 bytes (68.4%)
prune: Removed types... Accessor (16)
OPT furniture/lab_bench.glb: 50888 -> 29964 bytes (58.9%)
prune: Removed types... Accessor (14)
OPT furniture/lab_rack_open.glb: 79028 -> 48008 bytes (60.7%)
prune: Removed types... Accessor (8)
OPT furniture/lift.glb: 10992 -> 8184 bytes (74.5%)
prune: Removed types... Accessor (10)
OPT furniture/locker.glb: 103892 -> 57884 bytes (55.7%)
prune: Removed types... Accessor (20)
OPT furniture/media_console.glb: 39200 -> 22824 bytes (58.2%)
prune: Removed types... Accessor (8)
OPT furniture/meeting_table.glb: 28176 -> 17904 bytes (63.5%)
prune: Removed types... Accessor (12)
OPT furniture/model_shelf.glb: 64880 -> 40828 bytes (62.9%)
prune: Removed types... Accessor (14)
OPT furniture/pantry_counter.glb: 50984 -> 32612 bytes (64.0%)
prune: Removed types... Accessor (6)
OPT furniture/partition.glb: 12968 -> 8064 bytes (62.2%)
prune: Removed types... Accessor (10)
OPT furniture/plan_table.glb: 48688 -> 30500 bytes (62.6%)
prune: Removed types... Accessor (8)
OPT furniture/plant_large.glb: 39904 -> 27684 bytes (69.4%)
prune: Removed types... Accessor (8)
OPT furniture/plant_small.glb: 29752 -> 20288 bytes (68.2%)
prune: Removed types... Accessor (12)
OPT furniture/planter_box.glb: 35564 -> 22692 bytes (63.8%)
prune: Removed types... Accessor (10)
OPT furniture/poster.glb: 17192 -> 10732 bytes (62.4%)
prune: Removed types... Accessor (14)
OPT furniture/rack_42u.glb: 158032 -> 90724 bytes (57.4%)
prune: Removed types... Accessor (14)
OPT furniture/reception_desk.glb: 49640 -> 30380 bytes (61.2%)
prune: Removed types... Accessor (4)
OPT furniture/round_table.glb: 16532 -> 11544 bytes (69.8%)
prune: Removed types... Accessor (8)
OPT furniture/shower_stall.glb: 25000 -> 16224 bytes (64.9%)
prune: Removed types... Accessor (6)
OPT furniture/sink.glb: 16708 -> 10664 bytes (63.8%)
prune: Removed types... Accessor (8)
OPT furniture/sofa.glb: 38588 -> 23044 bytes (59.7%)
prune: Removed types... Accessor (6)
OPT furniture/stair_u.glb: 34512 -> 20908 bytes (60.6%)
prune: Removed types... Accessor (4)
OPT furniture/stool.glb: 18024 -> 11972 bytes (66.4%)
prune: Removed types... Accessor (10)
OPT furniture/storage_shelf.glb: 118264 -> 71220 bytes (60.2%)
prune: Removed types... Accessor (8)
OPT furniture/tool_cabinet.glb: 49280 -> 30560 bytes (62.0%)
prune: Removed types... Accessor (16)
OPT furniture/treadmill.glb: 34120 -> 20900 bytes (61.3%)
prune: Removed types... Accessor (8)
OPT furniture/tree_planter.glb: 38492 -> 22968 bytes (59.7%)
prune: Removed types... Accessor (8)
OPT furniture/wall_display.glb: 14024 -> 8608 bytes (61.4%)
prune: Removed types... Accessor (6)
OPT furniture/wc.glb: 17716 -> 12352 bytes (69.7%)
prune: Removed types... Accessor (12)
OPT furniture/whiteboard.glb: 28600 -> 17368 bytes (60.7%)
prune: Removed types... Accessor (4)
OPT furniture/work_table.glb: 19968 -> 13340 bytes (66.8%)
OPT_TOTAL characters: files=7 before=6687500 after=3550904
OPT_TOTAL furniture: files=54 before=2226612 after=1380500
OPT_DONE kinds=characters,furniture in=blender/out/raw-glb out=app/public/assets
